2026-09-22 23:42:24.283130: I tensorflow/core/platform/cpu_feature_guard.cc:210] This TensorFlow binary is optimized to use available CPU instructions in performance-critical operations.
To enable the following instructions: AVX2 FMA, in other operations, rebuild TensorFlow with the appropriate compiler flags.
Input matrix:
[[ 1.  2.  3.  4.  5.]
 [ 6.  7.  8.  9. 10.]
 [11. 12. 13. 14. 15.]
 [16. 17. 18. 19. 20.]
 [21. 22. 23. 24. 25.]]

Kernel:
[[ 0.  1.  0.]
 [ 1. -4.  1.]
 [ 0.  1.  0.]]

Output feature maps:

Stride = 1, Padding = 'VALID'
[[0. 0. 0.]
 [0. 0. 0.]
 [0. 0. 0.]]

Stride = 1, Padding = 'SAME'
[[  4.   3.   2.   1.  -6.]
 [ -5.   0.   0.   0. -11.]
 [-10.   0.   0.   0. -16.]
 [-15.   0.   0.   0. -21.]
 [-46. -27. -28. -29. -56.]]

Stride = 2, Padding = 'VALID'
[[0. 0.]
 [0. 0.]]

Stride = 2, Padding = 'SAME'
[[  4.   2.  -6.]
 [-10.   0. -16.]
 [-46. -28. -56.]]

