2026-09-23 00:33:47.837369: I tensorflow/core/platform/cpu_feature_guard.cc:210] This TensorFlow binary is optimized to use available CPU instructions in performance-critical operations.
To enable the following instructions: AVX2 FMA, in other operations, rebuild TensorFlow with the appropriate compiler flags.
Model: "simple_resnet"
┏━━━━━━━━━━━━━━━━━━━━━┳━━━━━━━━━━━━━━━━━━━┳━━━━━━━━━━━━┳━━━━━━━━━━━━━━━━━━━┓
┃ Layer (type)        ┃ Output Shape      ┃    Param # ┃ Connected to      ┃
┡━━━━━━━━━━━━━━━━━━━━━╇━━━━━━━━━━━━━━━━━━━╇━━━━━━━━━━━━╇━━━━━━━━━━━━━━━━━━━┩
│ input_layer         │ (None, 64, 64, 3) │          0 │ -                 │
│ (InputLayer)        │                   │            │                   │
├─────────────────────┼───────────────────┼────────────┼───────────────────┤
│ conv2d (Conv2D)     │ (None, 32, 32,    │      9,472 │ input_layer[0][0] │
│                     │ 64)               │            │                   │
├─────────────────────┼───────────────────┼────────────┼───────────────────┤
│ conv2d_1 (Conv2D)   │ (None, 32, 32,    │     36,928 │ conv2d[0][0]      │
│                     │ 64)               │            │                   │
├─────────────────────┼───────────────────┼────────────┼───────────────────┤
│ conv2d_2 (Conv2D)   │ (None, 32, 32,    │     36,928 │ conv2d_1[0][0]    │
│                     │ 64)               │            │                   │
├─────────────────────┼───────────────────┼────────────┼───────────────────┤
│ add (Add)           │ (None, 32, 32,    │          0 │ conv2d[0][0],     │
│                     │ 64)               │            │ conv2d_2[0][0]    │
├─────────────────────┼───────────────────┼────────────┼───────────────────┤
│ activation          │ (None, 32, 32,    │          0 │ add[0][0]         │
│ (Activation)        │ 64)               │            │                   │
├─────────────────────┼───────────────────┼────────────┼───────────────────┤
│ conv2d_3 (Conv2D)   │ (None, 32, 32,    │     36,928 │ activation[0][0]  │
│                     │ 64)               │            │                   │
├─────────────────────┼───────────────────┼────────────┼───────────────────┤
│ conv2d_4 (Conv2D)   │ (None, 32, 32,    │     36,928 │ conv2d_3[0][0]    │
│                     │ 64)               │            │                   │
├─────────────────────┼───────────────────┼────────────┼───────────────────┤
│ add_1 (Add)         │ (None, 32, 32,    │          0 │ activation[0][0], │
│                     │ 64)               │            │ conv2d_4[0][0]    │
├─────────────────────┼───────────────────┼────────────┼───────────────────┤
│ activation_1        │ (None, 32, 32,    │          0 │ add_1[0][0]       │
│ (Activation)        │ 64)               │            │                   │
├─────────────────────┼───────────────────┼────────────┼───────────────────┤
│ flatten (Flatten)   │ (None, 65536)     │          0 │ activation_1[0][… │
├─────────────────────┼───────────────────┼────────────┼───────────────────┤
│ dense (Dense)       │ (None, 128)       │  8,388,736 │ flatten[0][0]     │
├─────────────────────┼───────────────────┼────────────┼───────────────────┤
│ dense_1 (Dense)     │ (None, 10)        │      1,290 │ dense[0][0]       │
└─────────────────────┴───────────────────┴────────────┴───────────────────┘
 Total params: 8,547,210 (32.61 MB)
 Trainable params: 8,547,210 (32.61 MB)
 Non-trainable params: 0 (0.00 B)
